== [      BASIC ] ==========================================================================================
   MNEMONIC: pfrcp [ENC: 3DNOW, MAP: 0F0F, OPC: 0x96]
     LENGTH:  8
        SSZ: 64
       EOSZ: 32
       EASZ: 64
   CATEGORY: AMD3DNOW
    ISA-SET: AMD3DNOW
    ISA-EXT: AMD3DNOW
 EXCEPTIONS: NONE
 ATTRIBUTES: HAS_MODRM ACCEPTS_SEGMENT 
  OPTIMIZED: 0F 0F 8F C1 BB 4C 8F 96 

== [   OPERANDS ] ==========================================================================================
##       TYPE  VISIBILITY  ACTION      ENCODING   SIZE  NELEM  ELEMSZ  ELEMTYPE                        VALUE
--  ---------  ----------  ------  ------------   ----  -----  ------  --------  ---------------------------
 0   REGISTER    EXPLICIT      RW     MODRM_REG     64      1      64       INT                          mm1
 1     MEMORY    EXPLICIT       R      MODRM_RM     64      1      64       INT  TYPE  =                 MEM
                                                                                 SEG   =                  ds
                                                                                 BASE  =                 rdi
                                                                                 INDEX =                none
                                                                                 SCALE =                   0
                                                                                 DISP  =  0xFFFFFFFF8F4CBBC1
--  ---------  ----------  ------  ------------   ----  -----  ------  --------  ---------------------------

== [        ATT ] ==========================================================================================
   ABSOLUTE: pfrcp -0x70B3443F(%rdi), %mm1
   RELATIVE: pfrcp -0x70B3443F(%rdi), %mm1

== [      INTEL ] ==========================================================================================
   ABSOLUTE: pfrcp mm1, qword ptr ds:[rdi-0x70B3443F]
   RELATIVE: pfrcp mm1, qword ptr ds:[rdi-0x70B3443F]

== [ INTEL_MASM ] ==========================================================================================
   ABSOLUTE: pfrcp mm1, qword ptr ds:[rdi-70B3443Fh]
   RELATIVE: pfrcp mm1, qword ptr ds:[rdi-70B3443Fh]

== [   SEGMENTS ] ==========================================================================================
0F 0F 8F C1 BB 4C 8F 96 
:     :  :           :..OPCODE
:     :  :..DISP
:     :..MODRM
:..OPCODE
