== [      BASIC ] ==========================================================================================
   MNEMONIC: pfsqrt [ENC: 3DNOW, MAP: 0F0F, OPC: 0x97]
     LENGTH:  4
        SSZ: 64
       EOSZ: 32
       EASZ: 64
   CATEGORY: AMD3DNOW
    ISA-SET: AMD3DNOW
    ISA-EXT: AMD3DNOW
 EXCEPTIONS: NONE
 ATTRIBUTES: HAS_MODRM ACCEPTS_SEGMENT 
  OPTIMIZED: 0F 0F 37 97 

== [   OPERANDS ] ==========================================================================================
##       TYPE  VISIBILITY  ACTION      ENCODING   SIZE  NELEM  ELEMSZ  ELEMTYPE                        VALUE
--  ---------  ----------  ------  ------------   ----  -----  ------  --------  ---------------------------
 0   REGISTER    EXPLICIT      RW     MODRM_REG     64      1      64       INT                          mm6
 1     MEMORY    EXPLICIT       R      MODRM_RM     64      1      64       INT  TYPE  =                 MEM
                                                                                 SEG   =                  ds
                                                                                 BASE  =                 rdi
                                                                                 INDEX =                none
                                                                                 SCALE =                   0
                                                                                 DISP  =  0x0000000000000000
--  ---------  ----------  ------  ------------   ----  -----  ------  --------  ---------------------------

== [        ATT ] ==========================================================================================
   ABSOLUTE: pfsqrt (%rdi), %mm6
   RELATIVE: pfsqrt (%rdi), %mm6

== [      INTEL ] ==========================================================================================
   ABSOLUTE: pfsqrt mm6, qword ptr ds:[rdi]
   RELATIVE: pfsqrt mm6, qword ptr ds:[rdi]

== [ INTEL_MASM ] ==========================================================================================
   ABSOLUTE: pfsqrt mm6, qword ptr ds:[rdi]
   RELATIVE: pfsqrt mm6, qword ptr ds:[rdi]

== [   SEGMENTS ] ==========================================================================================
0F 0F 37 97 
:     :  :..OPCODE
:     :..MODRM
:..OPCODE
