== [      BASIC ] ==========================================================================================
   MNEMONIC: jnz [ENC: DEFAULT, MAP: DEFAULT, OPC: 0x75]
     LENGTH:  2
        SSZ: 64
       EOSZ: 64
       EASZ: 64
   CATEGORY: COND_BR
    ISA-SET: I86
    ISA-EXT: BASE
 EXCEPTIONS: NONE
 ATTRIBUTES: IS_RELATIVE CPUFLAG_ACCESS ACCEPTS_BND ACCEPTS_BRANCH_HINTS 
  OPTIMIZED: 75 3E 

== [   OPERANDS ] ==========================================================================================
##       TYPE  VISIBILITY  ACTION      ENCODING   SIZE  NELEM  ELEMSZ  ELEMTYPE                        VALUE
--  ---------  ----------  ------  ------------   ----  -----  ------  --------  ---------------------------
 0  IMMEDIATE    EXPLICIT       R         JIMM8      8      1       8       INT  [S R  8] 0x000000000000003E
 1   REGISTER      HIDDEN      RW          NONE     64      1      64       INT                          rip
 2   REGISTER      HIDDEN       R          NONE     64     64       1       INT                       rflags
--  ---------  ----------  ------  ------------   ----  -----  ------  --------  ---------------------------

== [      FLAGS ] ==========================================================================================
    ACTIONS: [ZF  : T  ] 
       READ: 0x00000040
    WRITTEN: 0x00000000

== [        ATT ] ==========================================================================================
   ABSOLUTE: jnz 0x0000000000000040
   RELATIVE: jnz +0x40

== [      INTEL ] ==========================================================================================
   ABSOLUTE: jnz 0x0000000000000040
   RELATIVE: jnz +0x40

== [ INTEL_MASM ] ==========================================================================================
   ABSOLUTE: jnz $+40h
   RELATIVE: jnz $+40h

== [   SEGMENTS ] ==========================================================================================
75 3E 
:  :..IMM
:..OPCODE
