== [      BASIC ] ==========================================================================================
   MNEMONIC: mov [ENC: DEFAULT, MAP: DEFAULT, OPC: 0xA0]
     LENGTH:  5
        SSZ: 32
       EOSZ:  8
       EASZ: 32
   CATEGORY: DATAXFER
    ISA-SET: I86
    ISA-EXT: BASE
 EXCEPTIONS: NONE
 ATTRIBUTES: ACCEPTS_SEGMENT 
  OPTIMIZED: A0 77 77 77 77 

== [   OPERANDS ] ==========================================================================================
##       TYPE  VISIBILITY  ACTION      ENCODING   SIZE  NELEM  ELEMSZ  ELEMTYPE                        VALUE
--  ---------  ----------  ------  ------------   ----  -----  ------  --------  ---------------------------
 0   REGISTER    IMPLICIT       W          NONE      8      1       8       INT                           al
 1     MEMORY    EXPLICIT       R  DISP16_32_64      8      1       8       INT  TYPE  =                 MEM
                                                                                 SEG   =                  ds
                                                                                 BASE  =                none
                                                                                 INDEX =                none
                                                                                 SCALE =                   0
                                                                                 DISP  =  0x0000000077777777
--  ---------  ----------  ------  ------------   ----  -----  ------  --------  ---------------------------

== [        ATT ] ==========================================================================================
   ABSOLUTE: mov 0x77777777, %al
   RELATIVE: mov 0x77777777, %al

== [      INTEL ] ==========================================================================================
   ABSOLUTE: mov al, byte ptr ds:[0x77777777]
   RELATIVE: mov al, byte ptr ds:[0x77777777]

== [ INTEL_MASM ] ==========================================================================================
   ABSOLUTE: mov al, byte ptr ds:[$+77777777h]
   RELATIVE: mov al, byte ptr ds:[$+77777777h]

== [   SEGMENTS ] ==========================================================================================
A0 77 77 77 77 
:  :..DISP
:..OPCODE
