== [      BASIC ] ==========================================================================================
   MNEMONIC: call [ENC: DEFAULT, MAP: DEFAULT, OPC: 0xFF]
     LENGTH:  5
        SSZ: 32
       EOSZ: 32
       EASZ: 32
   CATEGORY: CALL
    ISA-SET: I86
    ISA-EXT: BASE
 EXCEPTIONS: NONE
 ATTRIBUTES: HAS_MODRM ACCEPTS_BND ACCEPTS_SEGMENT HAS_SEGMENT HAS_SEGMENT_ES ACCEPTS_NOTRACK 
  OPTIMIZED: 26 FF 10 

== [   OPERANDS ] ==========================================================================================
##       TYPE  VISIBILITY  ACTION      ENCODING   SIZE  NELEM  ELEMSZ  ELEMTYPE                        VALUE
--  ---------  ----------  ------  ------------   ----  -----  ------  --------  ---------------------------
 0     MEMORY    EXPLICIT       R      MODRM_RM     32      1      32       INT  TYPE  =                 MEM
                                                                                 SEG   =                  es
                                                                                 BASE  =                 eax
                                                                                 INDEX =                none
                                                                                 SCALE =                   0
                                                                                 DISP  =  0x0000000000000000
 1   REGISTER      HIDDEN      RW          NONE     32      1      32       INT                          eip
 2   REGISTER      HIDDEN      RW          NONE     32      1      32       INT                          esp
 3     MEMORY      HIDDEN       W          NONE     32      1      32       INT  TYPE  =                 MEM
                                                                                 SEG   =                  ss
                                                                                 BASE  =                 esp
                                                                                 INDEX =                none
                                                                                 SCALE =                   0
                                                                                 DISP  =  0x0000000000000000
--  ---------  ----------  ------  ------------   ----  -----  ------  --------  ---------------------------

== [        ATT ] ==========================================================================================
   ABSOLUTE: call %es:(%eax)
   RELATIVE: call %es:(%eax)

== [      INTEL ] ==========================================================================================
   ABSOLUTE: call dword ptr es:[eax]
   RELATIVE: call dword ptr es:[eax]

== [ INTEL_MASM ] ==========================================================================================
   ABSOLUTE: call dword ptr es:[eax]
   RELATIVE: call dword ptr es:[eax]

== [   SEGMENTS ] ==========================================================================================
3E 64 26 FF 10 
:        :  :..MODRM
:        :..OPCODE
:..PREFIXES
