== [      BASIC ] ==========================================================================================
   MNEMONIC: jz [ENC: DEFAULT, MAP: DEFAULT, OPC: 0x74]
     LENGTH:  2
        SSZ: 64
       EOSZ: 64
       EASZ: 64
   CATEGORY: COND_BR
    ISA-SET: I86
    ISA-EXT: BASE
 EXCEPTIONS: NONE
 ATTRIBUTES: IS_RELATIVE CPUFLAG_ACCESS ACCEPTS_BND ACCEPTS_BRANCH_HINTS 
  OPTIMIZED: 74 14 

== [   OPERANDS ] ==========================================================================================
##       TYPE  VISIBILITY  ACTION      ENCODING   SIZE  NELEM  ELEMSZ  ELEMTYPE                        VALUE
--  ---------  ----------  ------  ------------   ----  -----  ------  --------  ---------------------------
 0  IMMEDIATE    EXPLICIT       R         JIMM8      8      1       8       INT  [S R  8] 0x0000000000000014
 1   REGISTER      HIDDEN      RW          NONE     64      1      64       INT                          rip
 2   REGISTER      HIDDEN       R          NONE     64     64       1       INT                       rflags
--  ---------  ----------  ------  ------------   ----  -----  ------  --------  ---------------------------

== [      FLAGS ] ==========================================================================================
    ACTIONS: [ZF  : T  ] 
       READ: 0x00000040
    WRITTEN: 0x00000000

== [        ATT ] ==========================================================================================
   ABSOLUTE: jz 0x0000000000000016
   RELATIVE: jz +0x16

== [      INTEL ] ==========================================================================================
   ABSOLUTE: jz 0x0000000000000016
   RELATIVE: jz +0x16

== [ INTEL_MASM ] ==========================================================================================
   ABSOLUTE: jz $+16h
   RELATIVE: jz $+16h

== [   SEGMENTS ] ==========================================================================================
74 14 
:  :..IMM
:..OPCODE
